../Core/Src/main.c:82:10:ReadADC	16	static
../Core/Src/main.c:100:6:HAL_UART_RxCpltCallback	16	static
../Core/Src/main.c:121:6:command_parser_fsm	16	static
../Core/Src/main.c:148:6:uart_communication_fsm	8	static
../Core/Src/main.c:185:5:main	8	static
../Core/Src/main.c:255:6:SystemClock_Config	88	static
../Core/Src/main.c:299:13:MX_ADC1_Init	24	static
../Core/Src/main.c:346:13:MX_TIM2_Init	32	static
../Core/Src/main.c:391:13:MX_USART1_UART_Init	8	static
../Core/Src/main.c:424:13:MX_GPIO_Init	16	static
../Core/Src/main.c:439:6:HAL_TIM_PeriodElapsedCallback	16	static
../Core/Src/main.c:455:6:Error_Handler	4	static,ignoring_inline_asm
